<html>
<body>
<pre>
<h1>µVision Build Log</h1>
<h2>Project:</h2>
C:\Users\admin\Desktop\group2_blinky\group2_blinky\Blinky.uvproj
Project File Date:  12/09/2022

<h2>Output:</h2>
Rebuild target 'LPC2378 Flash'
assembling LPC2300.s...
compiling Blinky.c...
Blinky.c(215): warning:  #223-D: function "main" declared implicitly
          main();
Blinky.c: 1 warning, 0 errors
compiling LCD_4bit.c...
linking...
Program Size: Code=5328 RO-data=96 RW-data=212 ZI-data=1404  
".\Flash\Blinky.axf" - 0 Error(s), 1 Warning(s).
Load "C:\\Users\\admin\\Desktop\\group2_blinky\\group2_blinky\\Flash\\Blinky.axf" 
Erase Done.
Programming Done.
Verify OK.
Application running ...
</pre>
</body>
</html>
ng LCD_4bit.c...
linking...
Program Size: Code=4544 RO-data=96 RW-data=212 ZI-data=1404  
".\Flash\Blinky.axf" - 0 Error(s), 4 Warning(s).
Load "C:\\Users\\admin\\Desktop\\group2_blinky\\group2_blinky\\Flash\\Blinky.axf" 
Erase Done.
Programming Done.
Verify OK.
Application running ...
lash\\Blinky.axf" 
Erase Done.
Programming Done.
Verify OK.
Application running ...
